# CP0-R1-B Cocos Creator build evidence
generatedAt=2026-08-04T15:12:31.449Z
creatorVersion=3.8.8
platform=web-mobile
actualExitCode=36
actualSignal=none
actualExitCodeAccepted=true
buildFinished=true
artifactExists=true
artifactFileCount=150
artifactManifestSha256=0a46f0d89c74fdfaf8bf0ffc3a0654aec4cd7c7322f8a502f0cc9d92f4fb18ad
requiredFiles=application.js:true,index.html:true,index.js:true,src/settings.json:true
failureMarkers=none
status=PASS
rawOutputSha256=a935a17c9bd551f8ab679adde01c6f05e3648478a69de7ec2ca6e9711ffe4df4

# Sanitized key build lines
Arguments:
  project: <PROJECT_ROOT>
[EditorQuickCompiler]Version information looks good.
2026-8-4 23:12:27 - debug: [[Executor]] Register CP0ABattleShell
engineVersion="3.8.8",
2026-8-4 23:12:31 - log: run build task Build Assets success in 76 ms√, progress: 27%
2026-8-4 23:12:31 - debug: ================================ build Task (cp0r-r1b-f1-web-mobile) Finished in (3 s)ms ================================
