# CP0-C-C0 Cocos Creator build evidence
generatedAt=2026-07-29T05:40:34.574Z
creatorVersion=3.8.8
platform=web-mobile
debug=false
actualExitCode=36
actualSignal=none
status=PASS
rawOutputSha256=cb418f1401bc19e2debe408e29120ce6e4b9ae0b76bbe835e9ce8b6f44c97629
failureMarkers=none

# Sanitized key build lines
Arguments:
  project: <PROJECT_ROOT>
  build: platform=web-mobile;debug=false;buildPath=project://build;outputName=cp0c-c0-web-mobile
[EditorQuickCompiler]Version information looks good.
2026-7-29 13:40:30 - debug: [[Executor]] Register CP0ABattleShell
2026-7-29 13:40:30 - log: run build task 查询 Asset Bundle success in 34 ms√, progress: 12%
2026-7-29 13:40:30 - log: run build task 查询 Asset Bundle success in 1 ms√, progress: 17%
engineVersion="3.8.8",
2026-7-29 13:40:33 - log: run build task 打包脚本 success in 2 s√, progress: 22%
2026-7-29 13:40:33 - log: run build task Build Assets success in 50 ms√, progress: 27%
2026-7-29 13:40:33 - log: run build task 整理部分构建选项内数据到 settings.json success in 1 ms√, progress: 29%
2026-7-29 13:40:33 - log: run build task 填充脚本数据到 settings.json success in 1 ms√, progress: 31%
2026-7-29 13:40:33 - log: run build task 整理部分构建选项内数据到 settings.json success in 2 ms√, progress: 32%
2026-7-29 13:40:33 - log: run build task 整理静态模板文件 success in 24 ms√, progress: 41%
2026-7-29 13:40:33 - log: run build task 给所有的资源加上 MD5 后缀 success in 1 ms√, progress: 55%
2026-7-29 13:40:33 - debug: ================================ build Task (cp0c-c0-web-mobile) Finished in (3 s)ms ================================
